------------------------------------------------------------
Timing Analyzer Summary
------------------------------------------------------------

Type  : Slow 1200mV 85C Model Setup 'MAX10_CLK1_50'
Slack : 5.794
TNS   : 0.000

Type  : Slow 1200mV 85C Model Setup 'u0|sdram_pll|sd1|pll7|clk[0]'
Slack : 10.006
TNS   : 0.000

Type  : Slow 1200mV 85C Model Setup 'altera_reserved_tck'
Slack : 45.907
TNS   : 0.000

Type  : Slow 1200mV 85C Model Hold 'MAX10_CLK1_50'
Slack : 0.247
TNS   : 0.000

Type  : Slow 1200mV 85C Model Hold 'altera_reserved_tck'
Slack : 0.339
TNS   : 0.000

Type  : Slow 1200mV 85C Model Hold 'u0|sdram_pll|sd1|pll7|clk[0]'
Slack : 0.341
TNS   : 0.000

Type  : Slow 1200mV 85C Model Recovery 'u0|sdram_pll|sd1|pll7|clk[0]'
Slack : 14.471
TNS   : 0.000

Type  : Slow 1200mV 85C Model Recovery 'MAX10_CLK1_50'
Slack : 14.820
TNS   : 0.000

Type  : Slow 1200mV 85C Model Recovery 'altera_reserved_tck'
Slack : 48.279
TNS   : 0.000

Type  : Slow 1200mV 85C Model Removal 'altera_reserved_tck'
Slack : 1.421
TNS   : 0.000

Type  : Slow 1200mV 85C Model Removal 'MAX10_CLK1_50'
Slack : 3.165
TNS   : 0.000

Type  : Slow 1200mV 85C Model Removal 'u0|sdram_pll|sd1|pll7|clk[0]'
Slack : 3.824
TNS   : 0.000

Type  : Slow 1200mV 85C Model Minimum Pulse Width 'MAX10_CLK1_50'
Slack : 9.549
TNS   : 0.000

Type  : Slow 1200mV 85C Model Minimum Pulse Width 'u0|sdram_pll|sd1|pll7|clk[0]'
Slack : 9.708
TNS   : 0.000

Type  : Slow 1200mV 85C Model Minimum Pulse Width 'altera_reserved_tck'
Slack : 49.615
TNS   : 0.000

Type  : Slow 1200mV 0C Model Setup 'MAX10_CLK1_50'
Slack : 6.853
TNS   : 0.000

Type  : Slow 1200mV 0C Model Setup 'u0|sdram_pll|sd1|pll7|clk[0]'
Slack : 10.740
TNS   : 0.000

Type  : Slow 1200mV 0C Model Setup 'altera_reserved_tck'
Slack : 46.136
TNS   : 0.000

Type  : Slow 1200mV 0C Model Hold 'MAX10_CLK1_50'
Slack : 0.250
TNS   : 0.000

Type  : Slow 1200mV 0C Model Hold 'altera_reserved_tck'
Slack : 0.305
TNS   : 0.000

Type  : Slow 1200mV 0C Model Hold 'u0|sdram_pll|sd1|pll7|clk[0]'
Slack : 0.306
TNS   : 0.000

Type  : Slow 1200mV 0C Model Recovery 'u0|sdram_pll|sd1|pll7|clk[0]'
Slack : 14.994
TNS   : 0.000

Type  : Slow 1200mV 0C Model Recovery 'MAX10_CLK1_50'
Slack : 15.266
TNS   : 0.000

Type  : Slow 1200mV 0C Model Recovery 'altera_reserved_tck'
Slack : 48.432
TNS   : 0.000

Type  : Slow 1200mV 0C Model Removal 'altera_reserved_tck'
Slack : 1.318
TNS   : 0.000

Type  : Slow 1200mV 0C Model Removal 'MAX10_CLK1_50'
Slack : 2.877
TNS   : 0.000

Type  : Slow 1200mV 0C Model Removal 'u0|sdram_pll|sd1|pll7|clk[0]'
Slack : 3.473
TNS   : 0.000

Type  : Slow 1200mV 0C Model Minimum Pulse Width 'MAX10_CLK1_50'
Slack : 9.581
TNS   : 0.000

Type  : Slow 1200mV 0C Model Minimum Pulse Width 'u0|sdram_pll|sd1|pll7|clk[0]'
Slack : 9.687
TNS   : 0.000

Type  : Slow 1200mV 0C Model Minimum Pulse Width 'altera_reserved_tck'
Slack : 49.643
TNS   : 0.000

Type  : Fast 1200mV 0C Model Setup 'MAX10_CLK1_50'
Slack : 13.774
TNS   : 0.000

Type  : Fast 1200mV 0C Model Setup 'u0|sdram_pll|sd1|pll7|clk[0]'
Slack : 15.477
TNS   : 0.000

Type  : Fast 1200mV 0C Model Setup 'altera_reserved_tck'
Slack : 48.439
TNS   : 0.000

Type  : Fast 1200mV 0C Model Hold 'MAX10_CLK1_50'
Slack : 0.097
TNS   : 0.000

Type  : Fast 1200mV 0C Model Hold 'altera_reserved_tck'
Slack : 0.147
TNS   : 0.000

Type  : Fast 1200mV 0C Model Hold 'u0|sdram_pll|sd1|pll7|clk[0]'
Slack : 0.149
TNS   : 0.000

Type  : Fast 1200mV 0C Model Recovery 'MAX10_CLK1_50'
Slack : 17.385
TNS   : 0.000

Type  : Fast 1200mV 0C Model Recovery 'u0|sdram_pll|sd1|pll7|clk[0]'
Slack : 17.385
TNS   : 0.000

Type  : Fast 1200mV 0C Model Recovery 'altera_reserved_tck'
Slack : 49.479
TNS   : 0.000

Type  : Fast 1200mV 0C Model Removal 'altera_reserved_tck'
Slack : 0.617
TNS   : 0.000

Type  : Fast 1200mV 0C Model Removal 'MAX10_CLK1_50'
Slack : 1.544
TNS   : 0.000

Type  : Fast 1200mV 0C Model Removal 'u0|sdram_pll|sd1|pll7|clk[0]'
Slack : 1.820
TNS   : 0.000

Type  : Fast 1200mV 0C Model Minimum Pulse Width 'MAX10_CLK1_50'
Slack : 9.400
TNS   : 0.000

Type  : Fast 1200mV 0C Model Minimum Pulse Width 'u0|sdram_pll|sd1|pll7|clk[0]'
Slack : 9.720
TNS   : 0.000

Type  : Fast 1200mV 0C Model Minimum Pulse Width 'altera_reserved_tck'
Slack : 49.419
TNS   : 0.000

------------------------------------------------------------
